// Bun Snapshot v1, https://bun.sh/docs/test/snapshots

exports[`the public API . exports these names 1`] = `
[
  "AccentSwatches",
  "Banner",
  "Button",
  "ButtonGroup",
  "ChoiceCards",
  "CloseButton",
  "ColorSwatch",
  "ColumnResizeHandle",
  "ContextMenu",
  "Dialog",
  "DisabledReason",
  "DockShell",
  "EDIT_SHORTCUTS",
  "EmptyState",
  "ErrorBoundary",
  "FILE_TREE_ICONS",
  "Field",
  "FieldHint",
  "FileIcon",
  "FormError",
  "Icon",
  "IconButton",
  "IconPicker",
  "Input",
  "KEY_SHORTCUTS",
  "Kbd",
  "KeyCap",
  "Keys",
  "ListRow",
  "LoadedComponent",
  "Menu",
  "PanelEmpty",
  "PanelHeader",
  "Pill",
  "Popover",
  "Prefetcher",
  "PreviewCard",
  "PromptDialog",
  "SUCCESS_MS",
  "SectionLabel",
  "Segmented",
  "Select",
  "Separator",
  "ShortcutHints",
  "Skeleton",
  "SlidingColumn",
  "Stepper",
  "Surface",
  "Switch",
  "TextArea",
  "TextMenu",
  "Tile",
  "Toasts",
  "Tooltip",
  "TooltipProvider",
  "UIProvider",
  "UI_NAMESPACE",
  "UI_RESOURCES",
  "UNDO_MS",
  "Wipe",
  "ZOOM_PRESETS",
  "ZoomControls",
  "addUiResources",
  "cameThroughPortal",
  "clampColumnSize",
  "copyText",
  "createToastStore",
  "elapsedOf",
  "formatShortcut",
  "isApplePlatform",
  "isInFloatingLayer",
  "isModHeld",
  "lazyDialog",
  "lazyNamed",
  "matchesShortcut",
  "messageOf",
  "prefetcher",
  "readClipboardText",
  "selectAllWithin",
  "selectionWithin",
  "shortcut",
  "shortcutParts",
  "startInputModality",
  "type AccentSwatchesProps",
  "type AsyncAction",
  "type BannerProps",
  "type BannerTone",
  "type ButtonGroupProps",
  "type ButtonProps",
  "type ButtonSize",
  "type ButtonVariant",
  "type Choice",
  "type ChoiceCardsProps",
  "type CloseButtonProps",
  "type ColorSwatchProps",
  "type ColumnEdge",
  "type ColumnResize",
  "type ColumnResizeHandleProps",
  "type ColumnResizeOptions",
  "type ContentSize",
  "type DialogDescriptionProps",
  "type DialogFooterProps",
  "type DialogPopupProps",
  "type DialogTextProps",
  "type DialogTitleProps",
  "type DisabledReasonProps",
  "type DockShellProps",
  "type EmptyStateProps",
  "type ErrorBoundaryProps",
  "type FieldHintProps",
  "type FieldProps",
  "type FileIconProps",
  "type FormErrorProps",
  "type IconButtonProps",
  "type IconButtonSize",
  "type IconPickerProps",
  "type IconProps",
  "type InputProps",
  "type KbdProps",
  "type KeyCapProps",
  "type KeyLike",
  "type KeysProps",
  "type ListRowProps",
  "type Loader",
  "type MenuCheckProps",
  "type MenuHintProps",
  "type MenuLabelProps",
  "type MenuPopupProps",
  "type PanelEmptyProps",
  "type PanelHeaderProps",
  "type PillProps",
  "type PopoverPopupProps",
  "type PopupVariant",
  "type PreviewCardPopupProps",
  "type PromptDialogProps",
  "type ResetKeys",
  "type SectionLabelProps",
  "type SegmentedOption",
  "type SegmentedProps",
  "type SelectGroup",
  "type SelectItem",
  "type SelectProps",
  "type SeparatorProps",
  "type Shortcut",
  "type SkeletonProps",
  "type SlidingColumnProps",
  "type StepperProps",
  "type SurfaceProps",
  "type SwitchProps",
  "type TextAreaProps",
  "type TextMenuProps",
  "type TileProps",
  "type Toast",
  "type ToastAction",
  "type ToastDeadline",
  "type ToastInput",
  "type ToastKind",
  "type ToastPatch",
  "type ToastStore",
  "type ToastStoreHook",
  "type ToastsProps",
  "type TooltipProps",
  "type TooltipSide",
  "type UIProviderProps",
  "type WhenIdle",
  "type WipeProps",
  "type ZoomControlsProps",
  "type ZoomLabels",
  "type ZoomSelection",
  "useAsyncAction",
  "useColumnResize",
  "useContentSize",
  "useMeasuredWidth",
  "useNow",
  "useTickingText",
]
`;

exports[`the public API ./settings exports these names 1`] = `
[
  "ConfirmDialog",
  "DetailHeader",
  "MasterDetail",
  "MasterItem",
  "SettingsDialog",
  "SettingsRow",
  "SettingsSection",
  "TopIcon",
  "type ConfirmDialogProps",
  "type DetailHeaderProps",
  "type MasterDetailProps",
  "type MasterItemProps",
  "type SettingsDialogProps",
  "type SettingsGroupEntry",
  "type SettingsRowProps",
  "type SettingsSearch",
  "type SettingsSearchResult",
  "type SettingsSectionEntry",
  "type SettingsSectionProps",
  "type TopIconProps",
  "useSettingsTarget",
]
`;

exports[`the public API ./format exports these names 1`] = `
[
  "FALLBACK_LOCALE",
  "FORMAT_LANGUAGE",
  "FORMAT_REGIONS",
  "FORMAT_REGION_CHOICES",
  "FORMAT_SYSTEM",
  "formatAgo",
  "formatBytes",
  "formatClock",
  "formatClockDuration",
  "formatCountdown",
  "formatDateTime",
  "formatDay",
  "formatDayClock",
  "formatDayWithYear",
  "formatDecimal",
  "formatDuration",
  "formatElapsedShort",
  "formatHour",
  "formatLocale",
  "formatMoment",
  "formatMoney",
  "formatNumber",
  "formatNumericDate",
  "formatPercent",
  "formatRegionFrom",
  "formatTokens",
  "formatUsdSignificant",
  "formatWeekdayClock",
  "formatWeekdayDay",
  "isSameDay",
  "labelCollator",
  "localTimeZone",
  "regionName",
  "setFormatSource",
  "systemLocale",
  "type FormatSource",
  "useFormatLocale",
]
`;

exports[`the public API ./testing exports these names 1`] = `
[
  "fakeFormatSource",
  "type FakeFormatSource",
]
`;

exports[`the public API the compound components have these parts 1`] = `
{
  "ContextMenu": [
    "Check",
    "CheckboxItem",
    "Group",
    "GroupLabel",
    "Hint",
    "Item",
    "Label",
    "Popup",
    "RadioGroup",
    "RadioItem",
    "Root",
    "Separator",
    "SubmenuRoot",
    "SubmenuTrigger",
    "Trigger",
  ],
  "Dialog": [
    "Close",
    "Description",
    "Footer",
    "Popup",
    "Root",
    "Text",
    "Title",
    "Trigger",
  ],
  "Menu": [
    "Check",
    "CheckboxItem",
    "Group",
    "GroupLabel",
    "Hint",
    "Item",
    "Label",
    "Popup",
    "RadioGroup",
    "RadioItem",
    "Root",
    "Separator",
    "SubmenuRoot",
    "SubmenuTrigger",
    "Trigger",
  ],
  "Popover": [
    "Close",
    "Description",
    "Popup",
    "Root",
    "Title",
    "Trigger",
  ],
  "PreviewCard": [
    "Popup",
    "Root",
    "Trigger",
  ],
}
`;
